mix.bat :       warning: the following clause will never match:
At C:\elixir-otp-28\bin\mix.ps1:27 char:1
+ & $mixBatPath $newArgs
+ ~~~~~~~~~~~~~~~~~~~~~~
    + CategoryInfo          : NotSpecified: (      warning: ...ll never match::String) [], 
Remot    eException
    + FullyQualifiedErrorId : NativeCommandError
 

          {:ok, recovered_agent}

      because it attempts to match on the result of:

          on_error(agent_with_error, reason)

      which has type:

          dynamic({:error, term()})

      typing violation found at:
      Γöé
 1030 Γöé                   {:ok, recovered_agent} -> {:ok, recovered_agent}
      Γöé                   ~~~~~~~~~~~~~~~~~~~~~~~~~~~~~~~~~~~~~~~~~~~~~~~~
      Γöé
      ΓööΓöÇ deps/jido/lib/jido/agent.ex:1030: Ether.Agents.RefactorAgent.run/2

      warning: the following clause will never match:

          {:ok, agent}

      because it attempts to match on the result of:

          on_error(agent, reason)

      which has type:

          dynamic({:error, term()})

      typing violation found at:
      Γöé
 1157 Γöé                   {:ok, agent} -> {:ok, agent}
      Γöé                   ~~~~~~~~~~~~~~~~~~~~~~~~~~~~
      Γöé
      ΓööΓöÇ deps/jido/lib/jido/agent.ex:1157: Ether.Agents.RefactorAgent.cmd/4

      warning: the following clause will never match:

          {:ok, recovered_agent}

      because it attempts to match on the result of:

          on_error(agent_with_error, reason)

      which has type:

          dynamic({:error, term()})

      typing violation found at:
      Γöé
 1030 Γöé                   {:ok, recovered_agent} -> {:ok, recovered_agent}
      Γöé                   ~~~~~~~~~~~~~~~~~~~~~~~~~~~~~~~~~~~~~~~~~~~~~~~~
      Γöé
      ΓööΓöÇ deps/jido/lib/jido/agent.ex:1030: Ether.Agents.QualityAgent.run/2

      warning: the following clause will never match:

          {:ok, agent}

      because it attempts to match on the result of:

          on_error(agent, reason)

      which has type:

          dynamic({:error, term()})

      typing violation found at:
      Γöé
 1157 Γöé                   {:ok, agent} -> {:ok, agent}
      Γöé                   ~~~~~~~~~~~~~~~~~~~~~~~~~~~~
      Γöé
      ΓööΓöÇ deps/jido/lib/jido/agent.ex:1157: Ether.Agents.QualityAgent.cmd/4

      warning: the following clause will never match:

          {:ok, recovered_agent}

      because it attempts to match on the result of:

          on_error(agent_with_error, reason)

      which has type:

          dynamic({:error, term()})

      typing violation found at:
      Γöé
 1030 Γöé                   {:ok, recovered_agent} -> {:ok, recovered_agent}
      Γöé                   ~~~~~~~~~~~~~~~~~~~~~~~~~~~~~~~~~~~~~~~~~~~~~~~~
      Γöé
      ΓööΓöÇ deps/jido/lib/jido/agent.ex:1030: Ether.Agents.GitAgent.run/2

      warning: the following clause will never match:

          {:ok, agent}

      because it attempts to match on the result of:

          on_error(agent, reason)

      which has type:

          dynamic({:error, term()})

      typing violation found at:
      Γöé
 1157 Γöé                   {:ok, agent} -> {:ok, agent}
      Γöé                   ~~~~~~~~~~~~~~~~~~~~~~~~~~~~
      Γöé
      ΓööΓöÇ deps/jido/lib/jido/agent.ex:1157: Ether.Agents.GitAgent.cmd/4

      warning: the following clause will never match:

          {:ok, recovered_agent}

      because it attempts to match on the result of:

          on_error(agent_with_error, reason)

      which has type:

          dynamic({:error, term()})

      typing violation found at:
      Γöé
 1030 Γöé                   {:ok, recovered_agent} -> {:ok, recovered_agent}
      Γöé                   ~~~~~~~~~~~~~~~~~~~~~~~~~~~~~~~~~~~~~~~~~~~~~~~~
      Γöé
      ΓööΓöÇ deps/jido/lib/jido/agent.ex:1030: Ether.Agents.CommandAgent.run/2

      warning: the following clause will never match:

          {:ok, agent}

      because it attempts to match on the result of:

          on_error(agent, reason)

      which has type:

          dynamic({:error, term()})

      typing violation found at:
      Γöé
 1157 Γöé                   {:ok, agent} -> {:ok, agent}
      Γöé                   ~~~~~~~~~~~~~~~~~~~~~~~~~~~~
      Γöé
      ΓööΓöÇ deps/jido/lib/jido/agent.ex:1157: Ether.Agents.CommandAgent.cmd/4

Running ExUnit with seed: 827691, max_cases: 40

    error: undefined function .../0 (expected Ether.Native.StreamingTest to define such a 
function or for it to be imported, but none are available)
    Γöé
 17 Γöé ...
    Γöé ^^^
    Γöé
    ΓööΓöÇ test/ether/native/streaming_test.exs:17:1: Ether.Native.StreamingTest."test 
receives streamed chunks and completion signal"/1


== Compilation error in file test/ether/native/streaming_test.exs ==
** (CompileError) test/ether/native/streaming_test.exs: cannot compile module 
Ether.Native.StreamingTest (errors have been logged)

